127.0.0.1 - - [12/Oct/2019:17:02:07 +0800] "GET /32298-g10/5.1.2.html HTTP/1.1" 304 0 "http://localhost/submit-search-data?search_text=apn" "Mozilla/5.0 (Windows NT 10.0; Win64; x64) AppleWebKit/537.36 (KHTML, like Gecko) Chrome/77.0.3865.120 Safari/537.36"
127.0.0.1 - - [12/Oct/2019:17:02:07 +0800] "GET /32298-g10/32298-g10_files/image004.gif HTTP/1.1" 404 177 "http://localhost/32298-g10/5.1.2.html" "Mozilla/5.0 (Windows NT 10.0; Win64; x64) AppleWebKit/537.36 (KHTML, like Gecko) Chrome/77.0.3865.120 Safari/537.36"
127.0.0.1 - - [12/Oct/2019:17:02:07 +0800] "GET /32298-g10/32298-g10_files/image005.gif HTTP/1.1" 404 177 "http://localhost/32298-g10/5.1.2.html" "Mozilla/5.0 (Windows NT 10.0; Win64; x64) AppleWebKit/537.36 (KHTML, like Gecko) Chrome/77.0.3865.120 Safari/537.36"
127.0.0.1 - - [12/Oct/2019:17:02:07 +0800] "GET /32298-g10/32298-g10_files/image005.gif HTTP/1.1" 404 177 "http://localhost/32298-g10/5.1.2.html" "Mozilla/5.0 (Windows NT 10.0; Win64; x64) AppleWebKit/537.36 (KHTML, like Gecko) Chrome/77.0.3865.120 Safari/537.36"
127.0.0.1 - - [12/Oct/2019:17:04:16 +0800] "GET /submit-search-data?search_text=apn HTTP/1.1" 304 0 "http://localhost/" "Mozilla/5.0 (Windows NT 10.0; Win64; x64) AppleWebKit/537.36 (KHTML, like Gecko) Chrome/77.0.3865.120 Safari/537.36"
127.0.0.1 - - [12/Oct/2019:17:04:33 +0800] "GET /details?1 HTTP/1.1" 302 86 "http://localhost/submit-search-data?search_text=apn" "Mozilla/5.0 (Windows NT 10.0; Win64; x64) AppleWebKit/537.36 (KHTML, like Gecko) Chrome/77.0.3865.120 Safari/537.36"
127.0.0.1 - - [12/Oct/2019:17:04:41 +0800] "GET / HTTP/1.1" 304 0 "http://localhost/submit-search-data?search_text=apn" "Mozilla/5.0 (Windows NT 10.0; Win64; x64) AppleWebKit/537.36 (KHTML, like Gecko) Chrome/77.0.3865.120 Safari/537.36"
127.0.0.1 - - [12/Oct/2019:17:04:41 +0800] "GET /picture2.jpg HTTP/1.1" 404 151 "http://localhost/" "Mozilla/5.0 (Windows NT 10.0; Win64; x64) AppleWebKit/537.36 (KHTML, like Gecko) Chrome/77.0.3865.120 Safari/537.36"
127.0.0.1 - - [12/Oct/2019:17:04:44 +0800] "GET /submit-search-data?search_text=app HTTP/1.1" 200 4715 "http://localhost/" "Mozilla/5.0 (Windows NT 10.0; Win64; x64) AppleWebKit/537.36 (KHTML, like Gecko) Chrome/77.0.3865.120 Safari/537.36"
127.0.0.1 - - [12/Oct/2019:17:05:02 +0800] "GET /submit-search-data?search_text=apn HTTP/1.1" 304 0 "http://localhost/submit-search-data?search_text=app" "Mozilla/5.0 (Windows NT 10.0; Win64; x64) AppleWebKit/537.36 (KHTML, like Gecko) Chrome/77.0.3865.120 Safari/537.36"
127.0.0.1 - - [12/Oct/2019:17:05:56 +0800] "GET /details?4 HTTP/1.1" 302 86 "http://localhost/submit-search-data?search_text=apn" "Mozilla/5.0 (Windows NT 10.0; Win64; x64) AppleWebKit/537.36 (KHTML, like Gecko) Chrome/77.0.3865.120 Safari/537.36"
127.0.0.1 - - [12/Oct/2019:17:05:56 +0800] "GET /32298-g10/32298-g10_files/image004.gif HTTP/1.1" 404 177 "http://localhost/32298-g10/5.1.2.html" "Mozilla/5.0 (Windows NT 10.0; Win64; x64) AppleWebKit/537.36 (KHTML, like Gecko) Chrome/77.0.3865.120 Safari/537.36"
127.0.0.1 - - [12/Oct/2019:17:05:56 +0800] "GET /32298-g10/32298-g10_files/image005.gif HTTP/1.1" 404 177 "http://localhost/32298-g10/5.1.2.html" "Mozilla/5.0 (Windows NT 10.0; Win64; x64) AppleWebKit/537.36 (KHTML, like Gecko) Chrome/77.0.3865.120 Safari/537.36"
127.0.0.1 - - [12/Oct/2019:17:05:56 +0800] "GET /32298-g10/32298-g10_files/image005.gif HTTP/1.1" 404 177 "http://localhost/32298-g10/5.1.2.html" "Mozilla/5.0 (Windows NT 10.0; Win64; x64) AppleWebKit/537.36 (KHTML, like Gecko) Chrome/77.0.3865.120 Safari/537.36"
127.0.0.1 - - [12/Oct/2019:17:13:32 +0800] "GET /details?0 HTTP/1.1" 302 82 "http://localhost/submit-search-data?search_text=apn" "Mozilla/5.0 (Windows NT 10.0; Win64; x64) AppleWebKit/537.36 (KHTML, like Gecko) Chrome/77.0.3865.120 Safari/537.36"
127.0.0.1 - - [12/Oct/2019:17:13:32 +0800] "GET /24501-f00/3.2.html HTTP/1.1" 200 34174 "http://localhost/submit-search-data?search_text=apn" "Mozilla/5.0 (Windows NT 10.0; Win64; x64) AppleWebKit/537.36 (KHTML, like Gecko) Chrome/77.0.3865.120 Safari/537.36"
127.0.0.1 - - [12/Oct/2019:17:13:36 +0800] "GET /details?1 HTTP/1.1" 302 86 "http://localhost/submit-search-data?search_text=apn" "Mozilla/5.0 (Windows NT 10.0; Win64; x64) AppleWebKit/537.36 (KHTML, like Gecko) Chrome/77.0.3865.120 Safari/537.36"
127.0.0.1 - - [12/Oct/2019:17:13:36 +0800] "GET /29244-f20/8.2.4.html HTTP/1.1" 304 0 "http://localhost/submit-search-data?search_text=apn" "Mozilla/5.0 (Windows NT 10.0; Win64; x64) AppleWebKit/537.36 (KHTML, like Gecko) Chrome/77.0.3865.120 Safari/537.36"
127.0.0.1 - - [12/Oct/2019:17:13:39 +0800] "GET /details?2 HTTP/1.1" 302 82 "http://localhost/submit-search-data?search_text=apn" "Mozilla/5.0 (Windows NT 10.0; Win64; x64) AppleWebKit/537.36 (KHTML, like Gecko) Chrome/77.0.3865.120 Safari/537.36"
127.0.0.1 - - [12/Oct/2019:17:13:39 +0800] "GET /29890-f20/3.2.html HTTP/1.1" 200 32424 "http://localhost/submit-search-data?search_text=apn" "Mozilla/5.0 (Windows NT 10.0; Win64; x64) AppleWebKit/537.36 (KHTML, like Gecko) Chrome/77.0.3865.120 Safari/537.36"
127.0.0.1 - - [12/Oct/2019:17:15:05 +0800] "GET /submit-search-data?search_text=apn HTTP/1.1" 304 0 "http://localhost/submit-search-data?search_text=apn" "Mozilla/5.0 (Windows NT 10.0; Win64; x64) AppleWebKit/537.36 (KHTML, like Gecko) Chrome/77.0.3865.120 Safari/537.36"
127.0.0.1 - - [12/Oct/2019:17:15:16 +0800] "GET /details?1 HTTP/1.1" 302 86 "http://localhost/submit-search-data?search_text=apn" "Mozilla/5.0 (Windows NT 10.0; Win64; x64) AppleWebKit/537.36 (KHTML, like Gecko) Chrome/77.0.3865.120 Safari/537.36"
127.0.0.1 - - [12/Oct/2019:17:15:30 +0800] "GET /details?0 HTTP/1.1" 302 82 "http://localhost/submit-search-data?search_text=apn" "Mozilla/5.0 (Windows NT 10.0; Win64; x64) AppleWebKit/537.36 (KHTML, like Gecko) Chrome/77.0.3865.120 Safari/537.36"
127.0.0.1 - - [12/Oct/2019:17:15:33 +0800] "GET /submit-search-data?search_text=apn HTTP/1.1" 304 0 "http://localhost/submit-search-data?search_text=apn" "Mozilla/5.0 (Windows NT 10.0; Win64; x64) AppleWebKit/537.36 (KHTML, like Gecko) Chrome/77.0.3865.120 Safari/537.36"
127.0.0.1 - - [12/Oct/2019:17:15:43 +0800] "GET /submit-search-data?search_text=apn HTTP/1.1" 304 0 "http://localhost/submit-search-data?search_text=apn" "Mozilla/5.0 (Windows NT 10.0; Win64; x64) AppleWebKit/537.36 (KHTML, like Gecko) Chrome/77.0.3865.120 Safari/537.36"
127.0.0.1 - - [12/Oct/2019:17:15:49 +0800] "GET /submit-search-data?search_text=apn HTTP/1.1" 304 0 "http://localhost/submit-search-data?search_text=apn" "Mozilla/5.0 (Windows NT 10.0; Win64; x64) AppleWebKit/537.36 (KHTML, like Gecko) Chrome/77.0.3865.120 Safari/537.36"
127.0.0.1 - - [12/Oct/2019:17:16:14 +0800] "GET /submit-search-data?search_text=apn HTTP/1.1" 304 0 "http://localhost/submit-search-data?search_text=apn" "Mozilla/5.0 (Windows NT 10.0; Win64; x64) AppleWebKit/537.36 (KHTML, like Gecko) Chrome/77.0.3865.120 Safari/537.36"
127.0.0.1 - - [12/Oct/2019:17:16:15 +0800] "GET /submit-search-data?search_text=apn HTTP/1.1" 304 0 "http://localhost/submit-search-data?search_text=apn" "Mozilla/5.0 (Windows NT 10.0; Win64; x64) AppleWebKit/537.36 (KHTML, like Gecko) Chrome/77.0.3865.120 Safari/537.36"
127.0.0.1 - - [12/Oct/2019:17:16:15 +0800] "GET /details?0 HTTP/1.1" 302 82 "http://localhost/submit-search-data?search_text=apn" "Mozilla/5.0 (Windows NT 10.0; Win64; x64) AppleWebKit/537.36 (KHTML, like Gecko) Chrome/77.0.3865.120 Safari/537.36"
127.0.0.1 - - [12/Oct/2019:17:17:55 +0800] "GET /submit-search-data?search_text=BRR HTTP/1.1" 200 2082 "http://localhost/submit-search-data?search_text=apn" "Mozilla/5.0 (Windows NT 10.0; Win64; x64) AppleWebKit/537.36 (KHTML, like Gecko) Chrome/77.0.3865.120 Safari/537.36"
127.0.0.1 - - [12/Oct/2019:17:18:00 +0800] "GET /submit-search-data?search_text=BRR HTTP/1.1" 304 0 "http://localhost/submit-search-data?search_text=BRR" "Mozilla/5.0 (Windows NT 10.0; Win64; x64) AppleWebKit/537.36 (KHTML, like Gecko) Chrome/77.0.3865.120 Safari/537.36"
127.0.0.1 - - [12/Oct/2019:17:18:13 +0800] "GET /submit-search-data?search_text=create+session+request HTTP/1.1" 200 335364 "http://localhost/submit-search-data?search_text=BRR" "Mozilla/5.0 (Windows NT 10.0; Win64; x64) AppleWebKit/537.36 (KHTML, like Gecko) Chrome/77.0.3865.120 Safari/537.36"
127.0.0.1 - - [12/Oct/2019:17:32:54 +0800] "GET / HTTP/1.1" 304 0 "-" "Mozilla/5.0 (Windows NT 10.0; Win64; x64) AppleWebKit/537.36 (KHTML, like Gecko) Chrome/77.0.3865.120 Safari/537.36"
127.0.0.1 - - [12/Oct/2019:17:32:54 +0800] "GET /picture2.jpg HTTP/1.1" 404 151 "http://localhost/" "Mozilla/5.0 (Windows NT 10.0; Win64; x64) AppleWebKit/537.36 (KHTML, like Gecko) Chrome/77.0.3865.120 Safari/537.36"
127.0.0.1 - - [12/Oct/2019:17:46:29 +0800] "GET /submit-search-data?search_text=apn HTTP/1.1" 500 2043 "http://localhost/" "Mozilla/5.0 (Windows NT 10.0; Win64; x64) AppleWebKit/537.36 (KHTML, like Gecko) Chrome/77.0.3865.120 Safari/537.36"
127.0.0.1 - - [12/Oct/2019:17:52:55 +0800] "GET / HTTP/1.1" 304 0 "-" "Mozilla/5.0 (Windows NT 10.0; Win64; x64) AppleWebKit/537.36 (KHTML, like Gecko) Chrome/77.0.3865.120 Safari/537.36"
127.0.0.1 - - [12/Oct/2019:17:52:55 +0800] "GET /picture2.jpg HTTP/1.1" 404 151 "http://localhost/" "Mozilla/5.0 (Windows NT 10.0; Win64; x64) AppleWebKit/537.36 (KHTML, like Gecko) Chrome/77.0.3865.120 Safari/537.36"
127.0.0.1 - - [12/Oct/2019:17:53:00 +0800] "GET /submit-search-data?search_text=apn HTTP/1.1" 200 1400620 "http://localhost/" "Mozilla/5.0 (Windows NT 10.0; Win64; x64) AppleWebKit/537.36 (KHTML, like Gecko) Chrome/77.0.3865.120 Safari/537.36"
127.0.0.1 - - [12/Oct/2019:17:54:10 +0800] "GET /sort?23401-g30 HTTP/1.1" 200 460261 "http://localhost/submit-search-data?search_text=apn" "Mozilla/5.0 (Windows NT 10.0; Win64; x64) AppleWebKit/537.36 (KHTML, like Gecko) Chrome/77.0.3865.120 Safari/537.36"
150.236.220.223 - - [12/Oct/2019:17:55:21 +0800] "GET / HTTP/1.1" 304 0 "-" "Mozilla/5.0 (Windows NT 10.0; Win64; x64) AppleWebKit/537.36 (KHTML, like Gecko) Chrome/77.0.3865.90 Safari/537.36"
150.236.220.223 - - [12/Oct/2019:17:55:21 +0800] "GET /picture2.jpg HTTP/1.1" 404 151 "http://150.236.221.244/" "Mozilla/5.0 (Windows NT 10.0; Win64; x64) AppleWebKit/537.36 (KHTML, like Gecko) Chrome/77.0.3865.90 Safari/537.36"
150.236.220.223 - - [12/Oct/2019:17:56:25 +0800] "GET /submit-search-data?search_text=3GPP HTTP/1.1" 200 566005 "http://150.236.221.244/" "Mozilla/5.0 (Windows NT 10.0; Win64; x64) AppleWebKit/537.36 (KHTML, like Gecko) Chrome/77.0.3865.90 Safari/537.36"
150.236.220.223 - - [12/Oct/2019:17:57:39 +0800] "GET /sort?29518-f00 HTTP/1.1" 200 14554 "http://150.236.221.244/submit-search-data?search_text=3GPP" "Mozilla/5.0 (Windows NT 10.0; Win64; x64) AppleWebKit/537.36 (KHTML, like Gecko) Chrome/77.0.3865.90 Safari/537.36"
150.236.220.223 - - [12/Oct/2019:17:57:43 +0800] "GET /sort?29890-f20 HTTP/1.1" 200 24432 "http://150.236.221.244/sort?29518-f00" "Mozilla/5.0 (Windows NT 10.0; Win64; x64) AppleWebKit/537.36 (KHTML, like Gecko) Chrome/77.0.3865.90 Safari/537.36"
150.236.220.223 - - [12/Oct/2019:17:57:57 +0800] "GET /details?0 HTTP/1.1" 302 78 "http://150.236.221.244/sort?29890-f20" "Mozilla/5.0 (Windows NT 10.0; Win64; x64) AppleWebKit/537.36 (KHTML, like Gecko) Chrome/77.0.3865.90 Safari/537.36"
150.236.220.223 - - [12/Oct/2019:17:57:57 +0800] "GET /38331-f21/2.html HTTP/1.1" 200 40842 "http://150.236.221.244/sort?29890-f20" "Mozilla/5.0 (Windows NT 10.0; Win64; x64) AppleWebKit/537.36 (KHTML, like Gecko) Chrome/77.0.3865.90 Safari/537.36"
127.0.0.1 - - [12/Oct/2019:17:58:44 +0800] "GET / HTTP/1.1" 304 0 "-" "Mozilla/5.0 (Windows NT 10.0; Win64; x64) AppleWebKit/537.36 (KHTML, like Gecko) Chrome/77.0.3865.120 Safari/537.36"
127.0.0.1 - - [12/Oct/2019:17:58:44 +0800] "GET /picture2.jpg HTTP/1.1" 404 151 "http://localhost/" "Mozilla/5.0 (Windows NT 10.0; Win64; x64) AppleWebKit/537.36 (KHTML, like Gecko) Chrome/77.0.3865.120 Safari/537.36"
127.0.0.1 - - [12/Oct/2019:17:58:48 +0800] "GET /submit-search-data?search_text=sgpp HTTP/1.1" 200 2023 "http://localhost/" "Mozilla/5.0 (Windows NT 10.0; Win64; x64) AppleWebKit/537.36 (KHTML, like Gecko) Chrome/77.0.3865.120 Safari/537.36"
127.0.0.1 - - [12/Oct/2019:17:58:53 +0800] "GET /submit-search-data?search_text=3gpp HTTP/1.1" 200 566005 "http://localhost/submit-search-data?search_text=sgpp" "Mozilla/5.0 (Windows NT 10.0; Win64; x64) AppleWebKit/537.36 (KHTML, like Gecko) Chrome/77.0.3865.120 Safari/537.36"
150.236.220.223 - - [12/Oct/2019:17:59:02 +0800] "GET /sort?24301-f30 HTTP/1.1" 200 23528 "http://150.236.221.244/sort?29890-f20" "Mozilla/5.0 (Windows NT 10.0; Win64; x64) AppleWebKit/537.36 (KHTML, like Gecko) Chrome/77.0.3865.90 Safari/537.36"
150.236.220.223 - - [12/Oct/2019:17:59:14 +0800] "GET /details?5 HTTP/1.1" 302 86 "http://150.236.221.244/sort?24301-f30" "Mozilla/5.0 (Windows NT 10.0; Win64; x64) AppleWebKit/537.36 (KHTML, like Gecko) Chrome/77.0.3865.90 Safari/537.36"
150.236.220.223 - - [12/Oct/2019:17:59:14 +0800] "GET /32298-g10/5.1.1.html HTTP/1.1" 304 0 "http://150.236.221.244/sort?24301-f30" "Mozilla/5.0 (Windows NT 10.0; Win64; x64) AppleWebKit/537.36 (KHTML, like Gecko) Chrome/77.0.3865.90 Safari/537.36"
127.0.0.1 - - [12/Oct/2019:17:59:31 +0800] "GET /sort?29890-f20 HTTP/1.1" 200 24432 "http://localhost/submit-search-data?search_text=3gpp" "Mozilla/5.0 (Windows NT 10.0; Win64; x64) AppleWebKit/537.36 (KHTML, like Gecko) Chrome/77.0.3865.120 Safari/537.36"
127.0.0.1 - - [12/Oct/2019:17:59:53 +0800] "GET /details?0 HTTP/1.1" 302 78 "http://localhost/sort?29890-f20" "Mozilla/5.0 (Windows NT 10.0; Win64; x64) AppleWebKit/537.36 (KHTML, like Gecko) Chrome/77.0.3865.120 Safari/537.36"
127.0.0.1 - - [12/Oct/2019:17:59:53 +0800] "GET /38331-f21/2.html HTTP/1.1" 200 40842 "http://localhost/sort?29890-f20" "Mozilla/5.0 (Windows NT 10.0; Win64; x64) AppleWebKit/537.36 (KHTML, like Gecko) Chrome/77.0.3865.120 Safari/537.36"
127.0.0.1 - - [12/Oct/2019:18:00:03 +0800] "GET /details?0 HTTP/1.1" 302 78 "http://localhost/sort?29890-f20" "Mozilla/5.0 (Windows NT 10.0; Win64; x64) AppleWebKit/537.36 (KHTML, like Gecko) Chrome/77.0.3865.120 Safari/537.36"
127.0.0.1 - - [12/Oct/2019:18:00:10 +0800] "GET /details?0 HTTP/1.1" 302 78 "http://localhost/sort?29890-f20" "Mozilla/5.0 (Windows NT 10.0; Win64; x64) AppleWebKit/537.36 (KHTML, like Gecko) Chrome/77.0.3865.120 Safari/537.36"
150.236.220.223 - - [12/Oct/2019:18:00:44 +0800] "GET /details?4 HTTP/1.1" 302 78 "http://150.236.221.244/sort?24301-f30" "Mozilla/5.0 (Windows NT 10.0; Win64; x64) AppleWebKit/537.36 (KHTML, like Gecko) Chrome/77.0.3865.90 Safari/537.36"
150.236.220.223 - - [12/Oct/2019:18:00:44 +0800] "GET /32298-g10/2.html HTTP/1.1" 200 53762 "http://150.236.221.244/sort?24301-f30" "Mozilla/5.0 (Windows NT 10.0; Win64; x64) AppleWebKit/537.36 (KHTML, like Gecko) Chrome/77.0.3865.90 Safari/537.36"
127.0.0.1 - - [12/Oct/2019:18:04:59 +0800] "GET /details?0 HTTP/1.1" 302 78 "http://localhost/sort?29890-f20" "Mozilla/5.0 (Windows NT 10.0; Win64; x64) AppleWebKit/537.36 (KHTML, like Gecko) Chrome/77.0.3865.120 Safari/537.36"
127.0.0.1 - - [12/Oct/2019:18:34:50 +0800] "GET /details?0 HTTP/1.1" 302 78 "http://localhost/sort?29890-f20" "Mozilla/5.0 (Windows NT 10.0; Win64; x64) AppleWebKit/537.36 (KHTML, like Gecko) Chrome/77.0.3865.120 Safari/537.36"
127.0.0.1 - - [12/Oct/2019:18:34:50 +0800] "GET /38331-f21/2.html HTTP/1.1" 304 0 "http://localhost/sort?29890-f20" "Mozilla/5.0 (Windows NT 10.0; Win64; x64) AppleWebKit/537.36 (KHTML, like Gecko) Chrome/77.0.3865.120 Safari/537.36"
127.0.0.1 - - [12/Oct/2019:18:41:19 +0800] "GET /details?0 HTTP/1.1" 302 78 "http://localhost/sort?29890-f20" "Mozilla/5.0 (Windows NT 10.0; Win64; x64) AppleWebKit/537.36 (KHTML, like Gecko) Chrome/77.0.3865.120 Safari/537.36"
127.0.0.1 - - [12/Oct/2019:18:41:29 +0800] "GET /details?0 HTTP/1.1" 302 78 "http://localhost/sort?29890-f20" "Mozilla/5.0 (Windows NT 10.0; Win64; x64) AppleWebKit/537.36 (KHTML, like Gecko) Chrome/77.0.3865.120 Safari/537.36"
127.0.0.1 - - [12/Oct/2019:18:41:51 +0800] "GET /details?0 HTTP/1.1" 302 78 "http://localhost/sort?29890-f20" "Mozilla/5.0 (Windows NT 10.0; Win64; x64) AppleWebKit/537.36 (KHTML, like Gecko) Chrome/77.0.3865.120 Safari/537.36"
150.236.220.223 - - [12/Oct/2019:18:54:16 +0800] "GET /details?2 HTTP/1.1" 302 78 "http://150.236.221.244/sort?24301-f30" "Mozilla/5.0 (Windows NT 10.0; Win64; x64) AppleWebKit/537.36 (KHTML, like Gecko) Chrome/77.0.3865.90 Safari/537.36"
150.236.220.223 - - [12/Oct/2019:18:54:16 +0800] "GET /36413-f20/2.html HTTP/1.1" 200 42291 "http://150.236.221.244/sort?24301-f30" "Mozilla/5.0 (Windows NT 10.0; Win64; x64) AppleWebKit/537.36 (KHTML, like Gecko) Chrome/77.0.3865.90 Safari/537.36"
150.236.220.223 - - [12/Oct/2019:18:54:26 +0800] "GET /sort?search_text=3GPP HTTP/1.1" 200 2538 "http://150.236.221.244/sort?24301-f30" "Mozilla/5.0 (Windows NT 10.0; Win64; x64) AppleWebKit/537.36 (KHTML, like Gecko) Chrome/77.0.3865.90 Safari/537.36"
150.236.220.223 - - [12/Oct/2019:18:54:30 +0800] "GET /sort?24301-f30 HTTP/1.1" 304 0 "http://150.236.221.244/sort?search_text=3GPP" "Mozilla/5.0 (Windows NT 10.0; Win64; x64) AppleWebKit/537.36 (KHTML, like Gecko) Chrome/77.0.3865.90 Safari/537.36"
150.236.220.223 - - [12/Oct/2019:18:54:35 +0800] "GET /sort?24301-f30 HTTP/1.1" 304 0 "http://150.236.221.244/sort?24301-f30" "Mozilla/5.0 (Windows NT 10.0; Win64; x64) AppleWebKit/537.36 (KHTML, like Gecko) Chrome/77.0.3865.90 Safari/537.36"
150.236.220.223 - - [12/Oct/2019:18:54:45 +0800] "GET /sort?24301-f30 HTTP/1.1" 304 0 "http://150.236.221.244/sort?24301-f30" "Mozilla/5.0 (Windows NT 10.0; Win64; x64) AppleWebKit/537.36 (KHTML, like Gecko) Chrome/77.0.3865.90 Safari/537.36"
150.236.220.223 - - [12/Oct/2019:18:55:48 +0800] "GET / HTTP/1.1" 304 0 "-" "Mozilla/5.0 (Windows NT 10.0; Win64; x64) AppleWebKit/537.36 (KHTML, like Gecko) Chrome/77.0.3865.90 Safari/537.36"
150.236.220.223 - - [12/Oct/2019:18:55:48 +0800] "GET /picture2.jpg HTTP/1.1" 404 151 "http://150.236.221.244/" "Mozilla/5.0 (Windows NT 10.0; Win64; x64) AppleWebKit/537.36 (KHTML, like Gecko) Chrome/77.0.3865.90 Safari/537.36"
150.236.220.223 - - [12/Oct/2019:18:55:51 +0800] "GET /submit-search-data?search_text=MME HTTP/1.1" 200 518050 "http://150.236.221.244/" "Mozilla/5.0 (Windows NT 10.0; Win64; x64) AppleWebKit/537.36 (KHTML, like Gecko) Chrome/77.0.3865.90 Safari/537.36"
150.236.220.223 - - [12/Oct/2019:18:55:57 +0800] "GET /details?7 HTTP/1.1" 302 86 "http://150.236.221.244/submit-search-data?search_text=MME" "Mozilla/5.0 (Windows NT 10.0; Win64; x64) AppleWebKit/537.36 (KHTML, like Gecko) Chrome/77.0.3865.90 Safari/537.36"
150.236.220.223 - - [12/Oct/2019:18:55:57 +0800] "GET /37340-f20/4.3.1.html HTTP/1.1" 304 0 "http://150.236.221.244/submit-search-data?search_text=MME" "Mozilla/5.0 (Windows NT 10.0; Win64; x64) AppleWebKit/537.36 (KHTML, like Gecko) Chrome/77.0.3865.90 Safari/537.36"
150.236.220.223 - - [12/Oct/2019:18:55:57 +0800] "GET /37340-f20/37340-f20_files/image010.gif HTTP/1.1" 404 177 "http://150.236.221.244/37340-f20/4.3.1.html" "Mozilla/5.0 (Windows NT 10.0; Win64; x64) AppleWebKit/537.36 (KHTML, like Gecko) Chrome/77.0.3865.90 Safari/537.36"
150.236.220.223 - - [12/Oct/2019:18:55:57 +0800] "GET /37340-f20/37340-f20_files/image011.gif HTTP/1.1" 404 177 "http://150.236.221.244/37340-f20/4.3.1.html" "Mozilla/5.0 (Windows NT 10.0; Win64; x64) AppleWebKit/537.36 (KHTML, like Gecko) Chrome/77.0.3865.90 Safari/537.36"
127.0.0.1 - - [12/Oct/2019:18:58:33 +0800] "GET / HTTP/1.1" 304 0 "-" "Mozilla/5.0 (Windows NT 10.0; Win64; x64) AppleWebKit/537.36 (KHTML, like Gecko) Chrome/77.0.3865.120 Safari/537.36"
127.0.0.1 - - [12/Oct/2019:18:58:33 +0800] "GET /picture2.jpg HTTP/1.1" 404 151 "http://localhost/" "Mozilla/5.0 (Windows NT 10.0; Win64; x64) AppleWebKit/537.36 (KHTML, like Gecko) Chrome/77.0.3865.120 Safari/537.36"
127.0.0.1 - - [12/Oct/2019:18:58:40 +0800] "GET /submit-search-data?search_text=3gpp HTTP/1.1" 200 627824 "http://localhost/" "Mozilla/5.0 (Windows NT 10.0; Win64; x64) AppleWebKit/537.36 (KHTML, like Gecko) Chrome/77.0.3865.120 Safari/537.36"
127.0.0.1 - - [12/Oct/2019:18:58:47 +0800] "GET /sort?29890-f20 HTTP/1.1" 200 25773 "http://localhost/submit-search-data?search_text=3gpp" "Mozilla/5.0 (Windows NT 10.0; Win64; x64) AppleWebKit/537.36 (KHTML, like Gecko) Chrome/77.0.3865.120 Safari/537.36"
150.236.220.223 - - [12/Oct/2019:18:58:50 +0800] "GET / HTTP/1.1" 304 0 "-" "Mozilla/5.0 (Windows NT 10.0; Win64; x64) AppleWebKit/537.36 (KHTML, like Gecko) Chrome/77.0.3865.90 Safari/537.36"
150.236.220.223 - - [12/Oct/2019:18:58:50 +0800] "GET /picture2.jpg HTTP/1.1" 404 151 "http://150.236.221.244/" "Mozilla/5.0 (Windows NT 10.0; Win64; x64) AppleWebKit/537.36 (KHTML, like Gecko) Chrome/77.0.3865.90 Safari/537.36"
127.0.0.1 - - [12/Oct/2019:18:58:57 +0800] "GET / HTTP/1.1" 304 0 "-" "Mozilla/5.0 (Windows NT 10.0; Win64; x64) AppleWebKit/537.36 (KHTML, like Gecko) Chrome/77.0.3865.120 Safari/537.36"
127.0.0.1 - - [12/Oct/2019:18:58:57 +0800] "GET /picture2.jpg HTTP/1.1" 404 151 "http://localhost/" "Mozilla/5.0 (Windows NT 10.0; Win64; x64) AppleWebKit/537.36 (KHTML, like Gecko) Chrome/77.0.3865.120 Safari/537.36"
127.0.0.1 - - [12/Oct/2019:18:59:01 +0800] "GET /submit-search-data?search_text=3gpp HTTP/1.1" 304 0 "http://localhost/" "Mozilla/5.0 (Windows NT 10.0; Win64; x64) AppleWebKit/537.36 (KHTML, like Gecko) Chrome/77.0.3865.120 Safari/537.36"
150.236.220.223 - - [12/Oct/2019:18:59:05 +0800] "GET /submit-search-data?search_text=3GPP HTTP/1.1" 200 627824 "http://150.236.221.244/" "Mozilla/5.0 (Windows NT 10.0; Win64; x64) AppleWebKit/537.36 (KHTML, like Gecko) Chrome/77.0.3865.90 Safari/537.36"
150.236.220.223 - - [12/Oct/2019:18:59:49 +0800] "GET /submit-search-data?search_text=URR HTTP/1.1" 200 187286 "http://150.236.221.244/submit-search-data?search_text=3GPP" "Mozilla/5.0 (Windows NT 10.0; Win64; x64) AppleWebKit/537.36 (KHTML, like Gecko) Chrome/77.0.3865.90 Safari/537.36"
127.0.0.1 - - [12/Oct/2019:19:00:19 +0800] "GET /details?3 HTTP/1.1" 302 86 "http://localhost/submit-search-data?search_text=3gpp" "Mozilla/5.0 (Windows NT 10.0; Win64; x64) AppleWebKit/537.36 (KHTML, like Gecko) Chrome/77.0.3865.120 Safari/537.36"
127.0.0.1 - - [12/Oct/2019:19:00:19 +0800] "GET /23214-f30/7.8.2.html HTTP/1.1" 200 92384 "http://localhost/submit-search-data?search_text=3gpp" "Mozilla/5.0 (Windows NT 10.0; Win64; x64) AppleWebKit/537.36 (KHTML, like Gecko) Chrome/77.0.3865.120 Safari/537.36"
127.0.0.1 - - [12/Oct/2019:19:00:28 +0800] "GET /details?3 HTTP/1.1" 302 86 "http://localhost/submit-search-data?search_text=3gpp" "Mozilla/5.0 (Windows NT 10.0; Win64; x64) AppleWebKit/537.36 (KHTML, like Gecko) Chrome/77.0.3865.120 Safari/537.36"
127.0.0.1 - - [12/Oct/2019:19:00:47 +0800] "GET /details?3 HTTP/1.1" 302 86 "http://localhost/submit-search-data?search_text=3gpp" "Mozilla/5.0 (Windows NT 10.0; Win64; x64) AppleWebKit/537.36 (KHTML, like Gecko) Chrome/77.0.3865.120 Safari/537.36"
127.0.0.1 - - [12/Oct/2019:19:01:06 +0800] "GET /details?2 HTTP/1.1" 302 82 "http://localhost/submit-search-data?search_text=3gpp" "Mozilla/5.0 (Windows NT 10.0; Win64; x64) AppleWebKit/537.36 (KHTML, like Gecko) Chrome/77.0.3865.120 Safari/537.36"
127.0.0.1 - - [12/Oct/2019:19:01:06 +0800] "GET /23214-f30/7.7.html HTTP/1.1" 200 112446 "http://localhost/submit-search-data?search_text=3gpp" "Mozilla/5.0 (Windows NT 10.0; Win64; x64) AppleWebKit/537.36 (KHTML, like Gecko) Chrome/77.0.3865.120 Safari/537.36"
127.0.0.1 - - [12/Oct/2019:19:01:10 +0800] "GET /details?0 HTTP/1.1" 302 82 "http://localhost/submit-search-data?search_text=3gpp" "Mozilla/5.0 (Windows NT 10.0; Win64; x64) AppleWebKit/537.36 (KHTML, like Gecko) Chrome/77.0.3865.120 Safari/537.36"
127.0.0.1 - - [12/Oct/2019:19:01:10 +0800] "GET /29244-f20/3.2.html HTTP/1.1" 200 35960 "http://localhost/submit-search-data?search_text=3gpp" "Mozilla/5.0 (Windows NT 10.0; Win64; x64) AppleWebKit/537.36 (KHTML, like Gecko) Chrome/77.0.3865.120 Safari/537.36"
127.0.0.1 - - [12/Oct/2019:19:01:13 +0800] "GET /details?1 HTTP/1.1" 302 86 "http://localhost/submit-search-data?search_text=3gpp" "Mozilla/5.0 (Windows NT 10.0; Win64; x64) AppleWebKit/537.36 (KHTML, like Gecko) Chrome/77.0.3865.120 Safari/537.36"
127.0.0.1 - - [12/Oct/2019:19:01:13 +0800] "GET /23214-f30/7.8.4.html HTTP/1.1" 200 91619 "http://localhost/submit-search-data?search_text=3gpp" "Mozilla/5.0 (Windows NT 10.0; Win64; x64) AppleWebKit/537.36 (KHTML, like Gecko) Chrome/77.0.3865.120 Safari/537.36"
127.0.0.1 - - [12/Oct/2019:19:01:18 +0800] "GET /details?10 HTTP/1.1" 302 86 "http://localhost/submit-search-data?search_text=3gpp" "Mozilla/5.0 (Windows NT 10.0; Win64; x64) AppleWebKit/537.36 (KHTML, like Gecko) Chrome/77.0.3865.120 Safari/537.36"
127.0.0.1 - - [12/Oct/2019:19:01:18 +0800] "GET /29244-f20/7.5.4.html HTTP/1.1" 200 442873 "http://localhost/submit-search-data?search_text=3gpp" "Mozilla/5.0 (Windows NT 10.0; Win64; x64) AppleWebKit/537.36 (KHTML, like Gecko) Chrome/77.0.3865.120 Safari/537.36"
127.0.0.1 - - [12/Oct/2019:19:01:28 +0800] "GET /details?0 HTTP/1.1" 302 82 "http://localhost/submit-search-data?search_text=3gpp" "Mozilla/5.0 (Windows NT 10.0; Win64; x64) AppleWebKit/537.36 (KHTML, like Gecko) Chrome/77.0.3865.120 Safari/537.36"
127.0.0.1 - - [12/Oct/2019:19:01:41 +0800] "GET / HTTP/1.1" 304 0 "-" "Mozilla/5.0 (Windows NT 10.0; Win64; x64) AppleWebKit/537.36 (KHTML, like Gecko) Chrome/77.0.3865.120 Safari/537.36"
127.0.0.1 - - [12/Oct/2019:19:01:41 +0800] "GET /picture2.jpg HTTP/1.1" 404 151 "http://localhost/" "Mozilla/5.0 (Windows NT 10.0; Win64; x64) AppleWebKit/537.36 (KHTML, like Gecko) Chrome/77.0.3865.120 Safari/537.36"
127.0.0.1 - - [12/Oct/2019:19:01:46 +0800] "GET /submit-search-data?search_text=3gpp HTTP/1.1" 304 0 "http://localhost/" "Mozilla/5.0 (Windows NT 10.0; Win64; x64) AppleWebKit/537.36 (KHTML, like Gecko) Chrome/77.0.3865.120 Safari/537.36"
127.0.0.1 - - [12/Oct/2019:19:01:51 +0800] "GET /details?0 HTTP/1.1" 302 78 "http://localhost/submit-search-data?search_text=3gpp" "Mozilla/5.0 (Windows NT 10.0; Win64; x64) AppleWebKit/537.36 (KHTML, like Gecko) Chrome/77.0.3865.120 Safari/537.36"
127.0.0.1 - - [12/Oct/2019:19:01:51 +0800] "GET /38331-f21/2.html HTTP/1.1" 304 0 "http://localhost/submit-search-data?search_text=3gpp" "Mozilla/5.0 (Windows NT 10.0; Win64; x64) AppleWebKit/537.36 (KHTML, like Gecko) Chrome/77.0.3865.120 Safari/537.36"
127.0.0.1 - - [12/Oct/2019:19:01:55 +0800] "GET /details?1 HTTP/1.1" 302 78 "http://localhost/submit-search-data?search_text=3gpp" "Mozilla/5.0 (Windows NT 10.0; Win64; x64) AppleWebKit/537.36 (KHTML, like Gecko) Chrome/77.0.3865.120 Safari/537.36"
127.0.0.1 - - [12/Oct/2019:19:01:55 +0800] "GET /37340-f20/2.html HTTP/1.1" 200 31966 "http://localhost/submit-search-data?search_text=3gpp" "Mozilla/5.0 (Windows NT 10.0; Win64; x64) AppleWebKit/537.36 (KHTML, like Gecko) Chrome/77.0.3865.120 Safari/537.36"
127.0.0.1 - - [12/Oct/2019:19:01:59 +0800] "GET /details?2 HTTP/1.1" 302 78 "http://localhost/submit-search-data?search_text=3gpp" "Mozilla/5.0 (Windows NT 10.0; Win64; x64) AppleWebKit/537.36 (KHTML, like Gecko) Chrome/77.0.3865.120 Safari/537.36"
127.0.0.1 - - [12/Oct/2019:19:01:59 +0800] "GET /36413-f20/2.html HTTP/1.1" 200 42291 "http://localhost/submit-search-data?search_text=3gpp" "Mozilla/5.0 (Windows NT 10.0; Win64; x64) AppleWebKit/537.36 (KHTML, like Gecko) Chrome/77.0.3865.120 Safari/537.36"
127.0.0.1 - - [12/Oct/2019:19:02:02 +0800] "GET /details?4 HTTP/1.1" 302 78 "http://localhost/submit-search-data?search_text=3gpp" "Mozilla/5.0 (Windows NT 10.0; Win64; x64) AppleWebKit/537.36 (KHTML, like Gecko) Chrome/77.0.3865.120 Safari/537.36"
127.0.0.1 - - [12/Oct/2019:19:02:02 +0800] "GET /32298-g10/2.html HTTP/1.1" 200 53762 "http://localhost/submit-search-data?search_text=3gpp" "Mozilla/5.0 (Windows NT 10.0; Win64; x64) AppleWebKit/537.36 (KHTML, like Gecko) Chrome/77.0.3865.120 Safari/537.36"
127.0.0.1 - - [12/Oct/2019:19:02:07 +0800] "GET /sort?29244-f20 HTTP/1.1" 200 23527 "http://localhost/submit-search-data?search_text=3gpp" "Mozilla/5.0 (Windows NT 10.0; Win64; x64) AppleWebKit/537.36 (KHTML, like Gecko) Chrome/77.0.3865.120 Safari/537.36"
127.0.0.1 - - [12/Oct/2019:19:02:08 +0800] "GET /details?0 HTTP/1.1" 302 78 "http://localhost/sort?29244-f20" "Mozilla/5.0 (Windows NT 10.0; Win64; x64) AppleWebKit/537.36 (KHTML, like Gecko) Chrome/77.0.3865.120 Safari/537.36"
150.236.220.223 - - [12/Oct/2019:19:02:10 +0800] "GET /details?0 HTTP/1.1" 302 78 "http://150.236.221.244/submit-search-data?search_text=URR" "Mozilla/5.0 (Windows NT 10.0; Win64; x64) AppleWebKit/537.36 (KHTML, like Gecko) Chrome/77.0.3865.90 Safari/537.36"
150.236.220.223 - - [12/Oct/2019:19:02:10 +0800] "GET /38331-f21/2.html HTTP/1.1" 304 0 "http://150.236.221.244/submit-search-data?search_text=URR" "Mozilla/5.0 (Windows NT 10.0; Win64; x64) AppleWebKit/537.36 (KHTML, like Gecko) Chrome/77.0.3865.90 Safari/537.36"
127.0.0.1 - - [12/Oct/2019:19:02:16 +0800] "GET /details?0 HTTP/1.1" 302 78 "http://localhost/sort?29244-f20" "Mozilla/5.0 (Windows NT 10.0; Win64; x64) AppleWebKit/537.36 (KHTML, like Gecko) Chrome/77.0.3865.120 Safari/537.36"
150.236.220.223 - - [12/Oct/2019:19:02:33 +0800] "GET /details?0 HTTP/1.1" 302 78 "http://150.236.221.244/submit-search-data?search_text=URR" "Mozilla/5.0 (Windows NT 10.0; Win64; x64) AppleWebKit/537.36 (KHTML, like Gecko) Chrome/77.0.3865.90 Safari/537.36"
127.0.0.1 - - [12/Oct/2019:19:02:59 +0800] "GET /details?0 HTTP/1.1" 302 78 "http://localhost/sort?29244-f20" "Mozilla/5.0 (Windows NT 10.0; Win64; x64) AppleWebKit/537.36 (KHTML, like Gecko) Chrome/77.0.3865.120 Safari/537.36"
127.0.0.1 - - [12/Oct/2019:19:03:25 +0800] "GET /details?0 HTTP/1.1" 302 78 "http://localhost/sort?29244-f20" "Mozilla/5.0 (Windows NT 10.0; Win64; x64) AppleWebKit/537.36 (KHTML, like Gecko) Chrome/77.0.3865.120 Safari/537.36"
127.0.0.1 - - [12/Oct/2019:19:03:30 +0800] "GET /details?0 HTTP/1.1" 302 78 "http://localhost/sort?29244-f20" "Mozilla/5.0 (Windows NT 10.0; Win64; x64) AppleWebKit/537.36 (KHTML, like Gecko) Chrome/77.0.3865.120 Safari/537.36"
127.0.0.1 - - [12/Oct/2019:19:03:39 +0800] "GET /details?1 HTTP/1.1" 302 78 "http://localhost/sort?29244-f20" "Mozilla/5.0 (Windows NT 10.0; Win64; x64) AppleWebKit/537.36 (KHTML, like Gecko) Chrome/77.0.3865.120 Safari/537.36"
127.0.0.1 - - [12/Oct/2019:19:03:45 +0800] "GET /details?1 HTTP/1.1" 302 78 "http://localhost/sort?29244-f20" "Mozilla/5.0 (Windows NT 10.0; Win64; x64) AppleWebKit/537.36 (KHTML, like Gecko) Chrome/77.0.3865.120 Safari/537.36"
127.0.0.1 - - [12/Oct/2019:19:03:56 +0800] "GET /sort?24301-f30 HTTP/1.1" 200 21769 "http://localhost/sort?29244-f20" "Mozilla/5.0 (Windows NT 10.0; Win64; x64) AppleWebKit/537.36 (KHTML, like Gecko) Chrome/77.0.3865.120 Safari/537.36"
127.0.0.1 - - [12/Oct/2019:19:03:57 +0800] "GET /details?0 HTTP/1.1" 302 78 "http://localhost/sort?24301-f30" "Mozilla/5.0 (Windows NT 10.0; Win64; x64) AppleWebKit/537.36 (KHTML, like Gecko) Chrome/77.0.3865.120 Safari/537.36"
150.236.220.223 - - [12/Oct/2019:19:03:58 +0800] "GET /details?8 HTTP/1.1" 302 86 "http://150.236.221.244/submit-search-data?search_text=URR" "Mozilla/5.0 (Windows NT 10.0; Win64; x64) AppleWebKit/537.36 (KHTML, like Gecko) Chrome/77.0.3865.90 Safari/537.36"
150.236.220.223 - - [12/Oct/2019:19:03:58 +0800] "GET /36413-f20/9.2.1.html HTTP/1.1" 304 0 "http://150.236.221.244/submit-search-data?search_text=URR" "Mozilla/5.0 (Windows NT 10.0; Win64; x64) AppleWebKit/537.36 (KHTML, like Gecko) Chrome/77.0.3865.90 Safari/537.36"
127.0.0.1 - - [12/Oct/2019:19:03:59 +0800] "GET /details?1 HTTP/1.1" 302 78 "http://localhost/sort?24301-f30" "Mozilla/5.0 (Windows NT 10.0; Win64; x64) AppleWebKit/537.36 (KHTML, like Gecko) Chrome/77.0.3865.120 Safari/537.36"
127.0.0.1 - - [12/Oct/2019:19:04:06 +0800] "GET /details?0 HTTP/1.1" 302 78 "http://localhost/sort?29244-f20" "Mozilla/5.0 (Windows NT 10.0; Win64; x64) AppleWebKit/537.36 (KHTML, like Gecko) Chrome/77.0.3865.120 Safari/537.36"
150.236.220.223 - - [12/Oct/2019:19:04:09 +0800] "GET /details?30 HTTP/1.1" 302 86 "http://150.236.221.244/submit-search-data?search_text=URR" "Mozilla/5.0 (Windows NT 10.0; Win64; x64) AppleWebKit/537.36 (KHTML, like Gecko) Chrome/77.0.3865.90 Safari/537.36"
150.236.220.223 - - [12/Oct/2019:19:04:09 +0800] "GET /23401-g30/4.3.5.html HTTP/1.1" 200 166842 "http://150.236.221.244/submit-search-data?search_text=URR" "Mozilla/5.0 (Windows NT 10.0; Win64; x64) AppleWebKit/537.36 (KHTML, like Gecko) Chrome/77.0.3865.90 Safari/537.36"
150.236.220.223 - - [12/Oct/2019:19:04:39 +0800] "GET /details?0 HTTP/1.1" 302 78 "http://150.236.221.244/submit-search-data?search_text=URR" "Mozilla/5.0 (Windows NT 10.0; Win64; x64) AppleWebKit/537.36 (KHTML, like Gecko) Chrome/77.0.3865.90 Safari/537.36"
127.0.0.1 - - [12/Oct/2019:19:05:16 +0800] "GET /details?0 HTTP/1.1" 302 78 "http://localhost/sort?29244-f20" "Mozilla/5.0 (Windows NT 10.0; Win64; x64) AppleWebKit/537.36 (KHTML, like Gecko) Chrome/77.0.3865.120 Safari/537.36"
127.0.0.1 - - [12/Oct/2019:19:05:18 +0800] "GET /details?2 HTTP/1.1" 302 78 "http://localhost/sort?29244-f20" "Mozilla/5.0 (Windows NT 10.0; Win64; x64) AppleWebKit/537.36 (KHTML, like Gecko) Chrome/77.0.3865.120 Safari/537.36"
127.0.0.1 - - [12/Oct/2019:19:05:21 +0800] "GET /details?3 HTTP/1.1" 302 82 "http://localhost/sort?29244-f20" "Mozilla/5.0 (Windows NT 10.0; Win64; x64) AppleWebKit/537.36 (KHTML, like Gecko) Chrome/77.0.3865.120 Safari/537.36"
127.0.0.1 - - [12/Oct/2019:19:05:21 +0800] "GET /32298-g10/3.3.html HTTP/1.1" 200 37072 "http://localhost/sort?29244-f20" "Mozilla/5.0 (Windows NT 10.0; Win64; x64) AppleWebKit/537.36 (KHTML, like Gecko) Chrome/77.0.3865.120 Safari/537.36"
127.0.0.1 - - [12/Oct/2019:19:05:40 +0800] "GET / HTTP/1.1" 304 0 "-" "Mozilla/5.0 (Windows NT 10.0; Win64; x64) AppleWebKit/537.36 (KHTML, like Gecko) Chrome/77.0.3865.120 Safari/537.36"
127.0.0.1 - - [12/Oct/2019:19:05:40 +0800] "GET /picture2.jpg HTTP/1.1" 404 151 "http://localhost/" "Mozilla/5.0 (Windows NT 10.0; Win64; x64) AppleWebKit/537.36 (KHTML, like Gecko) Chrome/77.0.3865.120 Safari/537.36"
127.0.0.1 - - [12/Oct/2019:19:05:46 +0800] "GET /submit-search-data?search_text=3gpp HTTP/1.1" 304 0 "http://localhost/" "Mozilla/5.0 (Windows NT 10.0; Win64; x64) AppleWebKit/537.36 (KHTML, like Gecko) Chrome/77.0.3865.120 Safari/537.36"
127.0.0.1 - - [12/Oct/2019:19:05:49 +0800] "GET /details?0 HTTP/1.1" 302 78 "http://localhost/submit-search-data?search_text=3gpp" "Mozilla/5.0 (Windows NT 10.0; Win64; x64) AppleWebKit/537.36 (KHTML, like Gecko) Chrome/77.0.3865.120 Safari/537.36"
127.0.0.1 - - [12/Oct/2019:19:06:00 +0800] "GET /details?65 HTTP/1.1" 302 78 "http://localhost/submit-search-data?search_text=3gpp" "Mozilla/5.0 (Windows NT 10.0; Win64; x64) AppleWebKit/537.36 (KHTML, like Gecko) Chrome/77.0.3865.120 Safari/537.36"
127.0.0.1 - - [12/Oct/2019:19:06:00 +0800] "GET /29244-f20/2.html HTTP/1.1" 200 39853 "http://localhost/submit-search-data?search_text=3gpp" "Mozilla/5.0 (Windows NT 10.0; Win64; x64) AppleWebKit/537.36 (KHTML, like Gecko) Chrome/77.0.3865.120 Safari/537.36"
127.0.0.1 - - [12/Oct/2019:19:06:10 +0800] "GET /details?32 HTTP/1.1" 302 86 "http://localhost/submit-search-data?search_text=3gpp" "Mozilla/5.0 (Windows NT 10.0; Win64; x64) AppleWebKit/537.36 (KHTML, like Gecko) Chrome/77.0.3865.120 Safari/537.36"
127.0.0.1 - - [12/Oct/2019:19:06:10 +0800] "GET /32298-g10/5.1.4.html HTTP/1.1" 200 151063 "http://localhost/submit-search-data?search_text=3gpp" "Mozilla/5.0 (Windows NT 10.0; Win64; x64) AppleWebKit/537.36 (KHTML, like Gecko) Chrome/77.0.3865.120 Safari/537.36"
127.0.0.1 - - [12/Oct/2019:19:06:18 +0800] "GET /details?65 HTTP/1.1" 302 78 "http://localhost/submit-search-data?search_text=3gpp" "Mozilla/5.0 (Windows NT 10.0; Win64; x64) AppleWebKit/537.36 (KHTML, like Gecko) Chrome/77.0.3865.120 Safari/537.36"
127.0.0.1 - - [12/Oct/2019:19:06:25 +0800] "GET /sort?29244-f20 HTTP/1.1" 304 0 "http://localhost/submit-search-data?search_text=3gpp" "Mozilla/5.0 (Windows NT 10.0; Win64; x64) AppleWebKit/537.36 (KHTML, like Gecko) Chrome/77.0.3865.120 Safari/537.36"
127.0.0.1 - - [12/Oct/2019:19:06:27 +0800] "GET /details?0 HTTP/1.1" 302 78 "http://localhost/sort?29244-f20" "Mozilla/5.0 (Windows NT 10.0; Win64; x64) AppleWebKit/537.36 (KHTML, like Gecko) Chrome/77.0.3865.120 Safari/537.36"
127.0.0.1 - - [12/Oct/2019:19:07:00 +0800] "GET /details?1 HTTP/1.1" 302 78 "http://localhost/sort?29244-f20" "Mozilla/5.0 (Windows NT 10.0; Win64; x64) AppleWebKit/537.36 (KHTML, like Gecko) Chrome/77.0.3865.120 Safari/537.36"
127.0.0.1 - - [12/Oct/2019:19:07:04 +0800] "GET /details?2 HTTP/1.1" 302 78 "http://localhost/sort?29244-f20" "Mozilla/5.0 (Windows NT 10.0; Win64; x64) AppleWebKit/537.36 (KHTML, like Gecko) Chrome/77.0.3865.120 Safari/537.36"
127.0.0.1 - - [12/Oct/2019:19:07:08 +0800] "GET /details?3 HTTP/1.1" 302 82 "http://localhost/sort?29244-f20" "Mozilla/5.0 (Windows NT 10.0; Win64; x64) AppleWebKit/537.36 (KHTML, like Gecko) Chrome/77.0.3865.120 Safari/537.36"
127.0.0.1 - - [12/Oct/2019:19:07:10 +0800] "GET /details?4 HTTP/1.1" 302 78 "http://localhost/sort?29244-f20" "Mozilla/5.0 (Windows NT 10.0; Win64; x64) AppleWebKit/537.36 (KHTML, like Gecko) Chrome/77.0.3865.120 Safari/537.36"
127.0.0.1 - - [12/Oct/2019:19:07:13 +0800] "GET /details?6 HTTP/1.1" 302 86 "http://localhost/sort?29244-f20" "Mozilla/5.0 (Windows NT 10.0; Win64; x64) AppleWebKit/537.36 (KHTML, like Gecko) Chrome/77.0.3865.120 Safari/537.36"
127.0.0.1 - - [12/Oct/2019:19:07:13 +0800] "GET /36413-f20/9.2.1.html HTTP/1.1" 200 961143 "http://localhost/sort?29244-f20" "Mozilla/5.0 (Windows NT 10.0; Win64; x64) AppleWebKit/537.36 (KHTML, like Gecko) Chrome/77.0.3865.120 Safari/537.36"
127.0.0.1 - - [12/Oct/2019:19:07:23 +0800] "GET /details?1 HTTP/1.1" 302 78 "http://localhost/sort?29244-f20" "Mozilla/5.0 (Windows NT 10.0; Win64; x64) AppleWebKit/537.36 (KHTML, like Gecko) Chrome/77.0.3865.120 Safari/537.36"
127.0.0.1 - - [12/Oct/2019:19:07:33 +0800] "GET /details?0 HTTP/1.1" 302 78 "http://localhost/sort?29244-f20" "Mozilla/5.0 (Windows NT 10.0; Win64; x64) AppleWebKit/537.36 (KHTML, like Gecko) Chrome/77.0.3865.120 Safari/537.36"
127.0.0.1 - - [12/Oct/2019:19:07:56 +0800] "GET /sort?29244-f20 HTTP/1.1" 304 0 "http://localhost/submit-search-data?search_text=3gpp" "Mozilla/5.0 (Windows NT 10.0; Win64; x64) AppleWebKit/537.36 (KHTML, like Gecko) Chrome/77.0.3865.120 Safari/537.36"
127.0.0.1 - - [12/Oct/2019:19:08:10 +0800] "GET /sort?24301-f30 HTTP/1.1" 304 0 "http://localhost/sort?29244-f20" "Mozilla/5.0 (Windows NT 10.0; Win64; x64) AppleWebKit/537.36 (KHTML, like Gecko) Chrome/77.0.3865.120 Safari/537.36"
127.0.0.1 - - [12/Oct/2019:19:08:19 +0800] "GET /details?0 HTTP/1.1" 302 78 "http://localhost/sort?24301-f30" "Mozilla/5.0 (Windows NT 10.0; Win64; x64) AppleWebKit/537.36 (KHTML, like Gecko) Chrome/77.0.3865.120 Safari/537.36"
127.0.0.1 - - [12/Oct/2019:19:08:22 +0800] "GET /details?1 HTTP/1.1" 302 78 "http://localhost/sort?24301-f30" "Mozilla/5.0 (Windows NT 10.0; Win64; x64) AppleWebKit/537.36 (KHTML, like Gecko) Chrome/77.0.3865.120 Safari/537.36"
127.0.0.1 - - [12/Oct/2019:19:08:31 +0800] "GET /sort?24501-f00 HTTP/1.1" 200 61065 "http://localhost/submit-search-data?search_text=3gpp" "Mozilla/5.0 (Windows NT 10.0; Win64; x64) AppleWebKit/537.36 (KHTML, like Gecko) Chrome/77.0.3865.120 Safari/537.36"
127.0.0.1 - - [12/Oct/2019:19:08:34 +0800] "GET /details?1 HTTP/1.1" 302 78 "http://localhost/sort?24501-f00" "Mozilla/5.0 (Windows NT 10.0; Win64; x64) AppleWebKit/537.36 (KHTML, like Gecko) Chrome/77.0.3865.120 Safari/537.36"
150.236.220.223 - - [12/Oct/2019:19:10:14 +0800] "GET / HTTP/1.1" 304 0 "-" "Mozilla/5.0 (Windows NT 10.0; Win64; x64) AppleWebKit/537.36 (KHTML, like Gecko) Chrome/77.0.3865.90 Safari/537.36"
150.236.220.223 - - [12/Oct/2019:19:10:14 +0800] "GET /picture2.jpg HTTP/1.1" 404 151 "http://150.236.221.244/" "Mozilla/5.0 (Windows NT 10.0; Win64; x64) AppleWebKit/537.36 (KHTML, like Gecko) Chrome/77.0.3865.90 Safari/537.36"
127.0.0.1 - - [12/Oct/2019:19:10:14 +0800] "GET / HTTP/1.1" 304 0 "-" "Mozilla/5.0 (Windows NT 10.0; Win64; x64) AppleWebKit/537.36 (KHTML, like Gecko) Chrome/77.0.3865.120 Safari/537.36"
127.0.0.1 - - [12/Oct/2019:19:10:14 +0800] "GET /picture2.jpg HTTP/1.1" 404 151 "http://localhost/" "Mozilla/5.0 (Windows NT 10.0; Win64; x64) AppleWebKit/537.36 (KHTML, like Gecko) Chrome/77.0.3865.120 Safari/537.36"
127.0.0.1 - - [12/Oct/2019:19:10:17 +0800] "GET / HTTP/1.1" 304 0 "-" "Mozilla/5.0 (Windows NT 10.0; Win64; x64) AppleWebKit/537.36 (KHTML, like Gecko) Chrome/77.0.3865.120 Safari/537.36"
127.0.0.1 - - [12/Oct/2019:19:10:17 +0800] "GET /picture2.jpg HTTP/1.1" 404 151 "http://localhost/" "Mozilla/5.0 (Windows NT 10.0; Win64; x64) AppleWebKit/537.36 (KHTML, like Gecko) Chrome/77.0.3865.120 Safari/537.36"
150.236.220.223 - - [12/Oct/2019:19:10:19 +0800] "GET /submit-search-data?search_text=URR HTTP/1.1" 304 0 "http://150.236.221.244/" "Mozilla/5.0 (Windows NT 10.0; Win64; x64) AppleWebKit/537.36 (KHTML, like Gecko) Chrome/77.0.3865.90 Safari/537.36"
150.236.220.223 - - [12/Oct/2019:19:10:21 +0800] "GET /sort?29244-f20 HTTP/1.1" 200 163675 "http://150.236.221.244/submit-search-data?search_text=URR" "Mozilla/5.0 (Windows NT 10.0; Win64; x64) AppleWebKit/537.36 (KHTML, like Gecko) Chrome/77.0.3865.90 Safari/537.36"
127.0.0.1 - - [12/Oct/2019:19:10:22 +0800] "GET /submit-search-data?search_text=3gpp HTTP/1.1" 304 0 "http://localhost/" "Mozilla/5.0 (Windows NT 10.0; Win64; x64) AppleWebKit/537.36 (KHTML, like Gecko) Chrome/77.0.3865.120 Safari/537.36"
150.236.220.223 - - [12/Oct/2019:19:10:23 +0800] "GET /details?0 HTTP/1.1" 302 78 "http://150.236.221.244/sort?29244-f20" "Mozilla/5.0 (Windows NT 10.0; Win64; x64) AppleWebKit/537.36 (KHTML, like Gecko) Chrome/77.0.3865.90 Safari/537.36"
127.0.0.1 - - [12/Oct/2019:19:10:30 +0800] "GET /details?0 HTTP/1.1" 302 78 "http://localhost/submit-search-data?search_text=3gpp" "Mozilla/5.0 (Windows NT 10.0; Win64; x64) AppleWebKit/537.36 (KHTML, like Gecko) Chrome/77.0.3865.120 Safari/537.36"
150.236.220.223 - - [12/Oct/2019:19:10:30 +0800] "GET /details?1 HTTP/1.1" 302 78 "http://150.236.221.244/sort?29244-f20" "Mozilla/5.0 (Windows NT 10.0; Win64; x64) AppleWebKit/537.36 (KHTML, like Gecko) Chrome/77.0.3865.90 Safari/537.36"
150.236.220.223 - - [12/Oct/2019:19:10:30 +0800] "GET /37340-f20/2.html HTTP/1.1" 200 31966 "http://150.236.221.244/sort?29244-f20" "Mozilla/5.0 (Windows NT 10.0; Win64; x64) AppleWebKit/537.36 (KHTML, like Gecko) Chrome/77.0.3865.90 Safari/537.36"
150.236.220.223 - - [12/Oct/2019:19:10:34 +0800] "GET /details?2 HTTP/1.1" 302 78 "http://150.236.221.244/sort?29244-f20" "Mozilla/5.0 (Windows NT 10.0; Win64; x64) AppleWebKit/537.36 (KHTML, like Gecko) Chrome/77.0.3865.90 Safari/537.36"
127.0.0.1 - - [12/Oct/2019:19:10:36 +0800] "GET /details?65 HTTP/1.1" 302 78 "http://localhost/submit-search-data?search_text=3gpp" "Mozilla/5.0 (Windows NT 10.0; Win64; x64) AppleWebKit/537.36 (KHTML, like Gecko) Chrome/77.0.3865.120 Safari/537.36"
150.236.220.223 - - [12/Oct/2019:19:10:38 +0800] "GET /details?4 HTTP/1.1" 302 78 "http://150.236.221.244/sort?29244-f20" "Mozilla/5.0 (Windows NT 10.0; Win64; x64) AppleWebKit/537.36 (KHTML, like Gecko) Chrome/77.0.3865.90 Safari/537.36"
150.236.220.223 - - [12/Oct/2019:19:10:38 +0800] "GET /32298-g10/2.html HTTP/1.1" 304 0 "http://150.236.221.244/sort?29244-f20" "Mozilla/5.0 (Windows NT 10.0; Win64; x64) AppleWebKit/537.36 (KHTML, like Gecko) Chrome/77.0.3865.90 Safari/537.36"
150.236.220.223 - - [12/Oct/2019:19:10:42 +0800] "GET /details?8 HTTP/1.1" 302 86 "http://150.236.221.244/sort?29244-f20" "Mozilla/5.0 (Windows NT 10.0; Win64; x64) AppleWebKit/537.36 (KHTML, like Gecko) Chrome/77.0.3865.90 Safari/537.36"
127.0.0.1 - - [12/Oct/2019:19:10:44 +0800] "GET /sort?29244-f20 HTTP/1.1" 304 0 "http://localhost/submit-search-data?search_text=3gpp" "Mozilla/5.0 (Windows NT 10.0; Win64; x64) AppleWebKit/537.36 (KHTML, like Gecko) Chrome/77.0.3865.120 Safari/537.36"
127.0.0.1 - - [12/Oct/2019:19:10:47 +0800] "GET /sort?29244-f20 HTTP/1.1" 304 0 "http://localhost/sort?29244-f20" "Mozilla/5.0 (Windows NT 10.0; Win64; x64) AppleWebKit/537.36 (KHTML, like Gecko) Chrome/77.0.3865.120 Safari/537.36"
127.0.0.1 - - [12/Oct/2019:19:10:49 +0800] "GET /details?0 HTTP/1.1" 302 78 "http://localhost/sort?29244-f20" "Mozilla/5.0 (Windows NT 10.0; Win64; x64) AppleWebKit/537.36 (KHTML, like Gecko) Chrome/77.0.3865.120 Safari/537.36"
150.236.220.223 - - [12/Oct/2019:19:10:57 +0800] "GET / HTTP/1.1" 304 0 "-" "Mozilla/5.0 (Windows NT 10.0; Win64; x64) AppleWebKit/537.36 (KHTML, like Gecko) Chrome/77.0.3865.90 Safari/537.36"
150.236.220.223 - - [12/Oct/2019:19:10:57 +0800] "GET /picture2.jpg HTTP/1.1" 404 151 "http://150.236.221.244/" "Mozilla/5.0 (Windows NT 10.0; Win64; x64) AppleWebKit/537.36 (KHTML, like Gecko) Chrome/77.0.3865.90 Safari/537.36"
127.0.0.1 - - [12/Oct/2019:19:10:58 +0800] "GET /details?1 HTTP/1.1" 302 82 "http://localhost/sort?29244-f20" "Mozilla/5.0 (Windows NT 10.0; Win64; x64) AppleWebKit/537.36 (KHTML, like Gecko) Chrome/77.0.3865.120 Safari/537.36"
127.0.0.1 - - [12/Oct/2019:19:10:58 +0800] "GET /29244-f20/5.1.html HTTP/1.1" 200 31990 "http://localhost/sort?29244-f20" "Mozilla/5.0 (Windows NT 10.0; Win64; x64) AppleWebKit/537.36 (KHTML, like Gecko) Chrome/77.0.3865.120 Safari/537.36"
127.0.0.1 - - [12/Oct/2019:19:11:01 +0800] "GET /details?3 HTTP/1.1" 302 82 "http://localhost/sort?29244-f20" "Mozilla/5.0 (Windows NT 10.0; Win64; x64) AppleWebKit/537.36 (KHTML, like Gecko) Chrome/77.0.3865.120 Safari/537.36"
127.0.0.1 - - [12/Oct/2019:19:11:01 +0800] "GET /29244-f20/5.9.html HTTP/1.1" 200 32149 "http://localhost/sort?29244-f20" "Mozilla/5.0 (Windows NT 10.0; Win64; x64) AppleWebKit/537.36 (KHTML, like Gecko) Chrome/77.0.3865.120 Safari/537.36"
150.236.220.223 - - [12/Oct/2019:19:11:02 +0800] "GET /submit-search-data?search_text=URR HTTP/1.1" 304 0 "http://150.236.221.244/" "Mozilla/5.0 (Windows NT 10.0; Win64; x64) AppleWebKit/537.36 (KHTML, like Gecko) Chrome/77.0.3865.90 Safari/537.36"
150.236.220.223 - - [12/Oct/2019:19:11:04 +0800] "GET /sort?29244-f20 HTTP/1.1" 304 0 "http://150.236.221.244/submit-search-data?search_text=URR" "Mozilla/5.0 (Windows NT 10.0; Win64; x64) AppleWebKit/537.36 (KHTML, like Gecko) Chrome/77.0.3865.90 Safari/537.36"
127.0.0.1 - - [12/Oct/2019:19:11:04 +0800] "GET /details?7 HTTP/1.1" 302 86 "http://localhost/sort?29244-f20" "Mozilla/5.0 (Windows NT 10.0; Win64; x64) AppleWebKit/537.36 (KHTML, like Gecko) Chrome/77.0.3865.120 Safari/537.36"
150.236.220.223 - - [12/Oct/2019:19:11:05 +0800] "GET /details?0 HTTP/1.1" 302 82 "http://150.236.221.244/sort?29244-f20" "Mozilla/5.0 (Windows NT 10.0; Win64; x64) AppleWebKit/537.36 (KHTML, like Gecko) Chrome/77.0.3865.90 Safari/537.36"
150.236.220.223 - - [12/Oct/2019:19:11:05 +0800] "GET /29244-f20/3.2.html HTTP/1.1" 200 35960 "http://150.236.221.244/sort?29244-f20" "Mozilla/5.0 (Windows NT 10.0; Win64; x64) AppleWebKit/537.36 (KHTML, like Gecko) Chrome/77.0.3865.90 Safari/537.36"
127.0.0.1 - - [12/Oct/2019:19:11:10 +0800] "GET /details?7 HTTP/1.1" 302 86 "http://localhost/sort?29244-f20" "Mozilla/5.0 (Windows NT 10.0; Win64; x64) AppleWebKit/537.36 (KHTML, like Gecko) Chrome/77.0.3865.120 Safari/537.36"
150.236.220.223 - - [12/Oct/2019:19:11:13 +0800] "GET /details?1 HTTP/1.1" 302 86 "http://150.236.221.244/sort?29244-f20" "Mozilla/5.0 (Windows NT 10.0; Win64; x64) AppleWebKit/537.36 (KHTML, like Gecko) Chrome/77.0.3865.90 Safari/537.36"
150.236.220.223 - - [12/Oct/2019:19:11:13 +0800] "GET /29244-f20/5.2.2.html HTTP/1.1" 200 59796 "http://150.236.221.244/sort?29244-f20" "Mozilla/5.0 (Windows NT 10.0; Win64; x64) AppleWebKit/537.36 (KHTML, like Gecko) Chrome/77.0.3865.90 Safari/537.36"
150.236.220.223 - - [12/Oct/2019:19:11:13 +0800] "GET /29244-f20/29244-f20_files/image006.gif HTTP/1.1" 404 177 "http://150.236.221.244/29244-f20/5.2.2.html" "Mozilla/5.0 (Windows NT 10.0; Win64; x64) AppleWebKit/537.36 (KHTML, like Gecko) Chrome/77.0.3865.90 Safari/537.36"
150.236.220.223 - - [12/Oct/2019:19:11:13 +0800] "GET /29244-f20/29244-f20_files/image007.gif HTTP/1.1" 404 177 "http://150.236.221.244/29244-f20/5.2.2.html" "Mozilla/5.0 (Windows NT 10.0; Win64; x64) AppleWebKit/537.36 (KHTML, like Gecko) Chrome/77.0.3865.90 Safari/537.36"
150.236.220.223 - - [12/Oct/2019:19:11:13 +0800] "GET /29244-f20/29244-f20_files/image008.gif HTTP/1.1" 404 177 "http://150.236.221.244/29244-f20/5.2.2.html" "Mozilla/5.0 (Windows NT 10.0; Win64; x64) AppleWebKit/537.36 (KHTML, like Gecko) Chrome/77.0.3865.90 Safari/537.36"
127.0.0.1 - - [12/Oct/2019:19:11:21 +0800] "GET /details?7 HTTP/1.1" 302 86 "http://localhost/sort?29244-f20" "Mozilla/5.0 (Windows NT 10.0; Win64; x64) AppleWebKit/537.36 (KHTML, like Gecko) Chrome/77.0.3865.120 Safari/537.36"
150.236.220.223 - - [12/Oct/2019:19:11:21 +0800] "GET /details?1 HTTP/1.1" 302 86 "http://150.236.221.244/sort?29244-f20" "Mozilla/5.0 (Windows NT 10.0; Win64; x64) AppleWebKit/537.36 (KHTML, like Gecko) Chrome/77.0.3865.90 Safari/537.36"
150.236.220.223 - - [12/Oct/2019:19:11:21 +0800] "GET /29244-f20/29244-f20_files/image006.gif HTTP/1.1" 404 177 "http://150.236.221.244/29244-f20/5.2.2.html" "Mozilla/5.0 (Windows NT 10.0; Win64; x64) AppleWebKit/537.36 (KHTML, like Gecko) Chrome/77.0.3865.90 Safari/537.36"
150.236.220.223 - - [12/Oct/2019:19:11:21 +0800] "GET /29244-f20/29244-f20_files/image007.gif HTTP/1.1" 404 177 "http://150.236.221.244/29244-f20/5.2.2.html" "Mozilla/5.0 (Windows NT 10.0; Win64; x64) AppleWebKit/537.36 (KHTML, like Gecko) Chrome/77.0.3865.90 Safari/537.36"
150.236.220.223 - - [12/Oct/2019:19:11:21 +0800] "GET /29244-f20/29244-f20_files/image008.gif HTTP/1.1" 404 177 "http://150.236.221.244/29244-f20/5.2.2.html" "Mozilla/5.0 (Windows NT 10.0; Win64; x64) AppleWebKit/537.36 (KHTML, like Gecko) Chrome/77.0.3865.90 Safari/537.36"
